// Jest Snapshot v1, https://goo.gl/fbAQLP

exports[`App rendsers without crashing 1`] = `
<div>
  Hello
</div>
`;
